// Jest Snapshot v1, https://goo.gl/fbAQLP

exports[`adds import for prepend once 1`] = `
"import \\"fbow/ParentNode/prepend\\";

var parent = document.createElement(\\"div\\");
var p = document.createElement(\\"p\\");
var p2 = document.createElement(\\"p\\");
parent.prepend(p);
parent.prepend(p2);"
`;
